spawnpoint start 0 0
platform grass_step 0
platform grass_step 192
platform grass_step 384
platform grass_step 576
platform grass_step 768
platform grass_step 960
platform grass_step 1152
platform grass_step 1344
platform grass_step 1536
platform grass_step 1728
platform grass_step 1920
platform grass_step 2112
platform grass_step 2304
platform grass_step 2496
platform grass_step 2688
platform grass_step 2880
platform grass_step 3072
platform grass_step 3264
platform grass_step 3456
platform grass_step 3648
platform grass_step 3840
platform grass_step 4032
platform grass_step 4224
platform grass_step 4416
platform grass_step 4608
platform grass_step 4800
platform grass_step 4992
platform grass_step 5184
platform grass_step 5376
platform grass_step 5568
platform grass_step 5760
platform grass_step 5952
platform grass_step 6144
platform grass_step 6336
platform grass_step 6528
platform grass_step 6720
platform grass_step 6912
platform grass_step 7104
platform grass_step 7296
platform grass_step 7488
platform grass_step 7680
platform grass_step 7872
platform grass_step 8064
platform grass_step 8256
platform grass_step 8448
platform grass_step 8640
platform grass_step 8832
platform grass_step 9024
platform grass_step 9216
platform grass_step 9408
goal goal 9408 0
